bundle : 
위치 줄:1 문자:1
+ bundle exec rails test > test_output.txt 2>&
1
+ ~~~~~~~~~~~~~~~~~~~~~~~~~~~~~~~~~~~~~~~~~~~~
~
    + CategoryInfo          : NotSpecified: ( 
   :String) [], RemoteException
    + FullyQualifiedErrorId : NativeCommandEr 
   ror
 
(process:24984): VIPS-WARNING **: 02:07:54.202
: unable to load "C:\Ruby34-x64\msys64\ucrt64/
lib/vips-modules-8.17\vips-heif.dll" -- 'C:\Ru
by34-x64\msys64\ucrt64/lib/vips-modules-8.17\v
ips-heif.dll': 吏?뺣맂 紐⑤뱢??李얠쓣 ???놁뒿?덈떎.

(process:24984): VIPS-WARNING **: 02:07:54.203
: unable to load "C:\Ruby34-x64\msys64\ucrt64/
lib/vips-modules-8.17\vips-jxl.dll" -- 'C:\Rub
y34-x64\msys64\ucrt64/lib/vips-modules-8.17\vi
ps-jxl.dll': 吏?뺣맂 紐⑤뱢??李얠쓣 ???놁뒿?덈떎.

(process:24984): VIPS-WARNING **: 02:07:54.204
: unable to load "C:\Ruby34-x64\msys64\ucrt64/
lib/vips-modules-8.17\vips-magick.dll" -- 'C:\
Ruby34-x64\msys64\ucrt64/lib/vips-modules-8.17
\vips-magick.dll': 吏?뺣맂 紐⑤뱢??李얠쓣 ???놁뒿?덈떎.

(process:24984): VIPS-WARNING **: 02:07:54.204
: unable to load "C:\Ruby34-x64\msys64\ucrt64/
lib/vips-modules-8.17\vips-openslide.dll" -- '
C:\Ruby34-x64\msys64\ucrt64/lib/vips-modules-8
.17\vips-openslide.dll': 吏?뺣맂 紐⑤뱢??李얠쓣 ???놁뒿?
덈떎.

(process:24984): VIPS-WARNING **: 02:07:54.205
: unable to load "C:\Ruby34-x64\msys64\ucrt64/
lib/vips-modules-8.17\vips-poppler.dll" -- 'C:
\Ruby34-x64\msys64\ucrt64/lib/vips-modules-8.1
7\vips-poppler.dll': 吏?뺣맂 紐⑤뱢??李얠쓣 ???놁뒿?덈떎.
C:/Ruby34-x64/lib/ruby/3.4.0/win32/registry.rb
:2: warning: C:/Ruby34-x64/lib/ruby/3.4.0/fidd
le/import.rb is found in fiddle, which will no
 longer be part of the default gems starting f
rom Ruby 4.0.0.
You can add fiddle to your Gemfile or gemspec 
to silence this warning.
[3m[1m[34m??[39m[22m[23m tailwindcss [34
mv4.1.18[39m

Done in [33m375ms[39m
Migrations are pending. To resolve this issue, run:

        bin/rails db:migrate

You have 22 pending migrations:

db/migrate/20260101112000_create_routine_clubs.rb
db/migrate/20260101112100_create_routine_club_members.rb
db/migrate/20260101112200_create_routine_club_rules.rb
db/migrate/20260101112300_create_routine_club_attendances.rb
db/migrate/20260101112400_create_routine_club_penalties.rb
db/migrate/20260101120000_add_routine_club_notification_types.rb
db/migrate/20260101121000_create_routine_club_reports.rb
db/migrate/20260102032126_create_user_goals.rb
db/migrate/20260102032141_add_is_official_to_routine_clubs.rb
db/migrate/20260102032214_add_routine_club_to_announcements.rb
db/migrate/20260102033021_add_rufa_fields_to_routine_club_reports.rb
db/migrate/20260102033156_create_rufa_activities.rb
db/migrate/20260102033207_create_rufa_claps.rb
db/migrate/20260102033423_create_routine_templates.rb
db/migrate/20260102033529_add_identity_title_to_routine_club_members.rb
db/migrate/20260102034005_change_announcements_foreign_key_constraints.rb
db/migrate/20260102034938_add_default_to_claps_count_in_rufa_activities.rb
db/migrate/20260102065641_add_contact_info_to_applications_and_members.rb
db/migrate/20260102081213_add_reward_info_to_routine_clubs.rb
db/migrate/20260102081522_add_growth_features_to_routine_club_members.rb
db/migrate/20260102133810_add_threads_auth_to_users.rb
db/migrate/20260102152858_create_banners.rb
